
> car-rental@0.1.0 build
> next build

Γû▓ Next.js 16.1.2 (Turbopack)
- Environments: .env.local

  Creating an optimized production build ...
node.exe : 
At line:1 char:1
+ & "C:\Program 
Files\nodejs/node.exe" "C:\Program 
Files\nodejs/node_mo ...
+ ~~~~~~~~~~~~~~~~~~~~~~~~~~~~~~~~~~~~
~~~~~~~~~~~~~~~~~~~~~~~~~~~~~~~~~
    + CategoryInfo          : NotSpec 
   ified: (:String) [], RemoteExcept  
  ion
    + FullyQualifiedErrorId : NativeC 
   ommandError
 
> Build error occurred
Error: Turbopack build failed with 1 
errors:
./app/customer/dashboard/page.tsx:6:1
Module not found: Can't resolve 
'@/lib/actions/pickupActions'
[0m [90m 4 |[39m [36mimport[39m 
[33mLink[39m [36mfrom[39m 
[32m"next/link"[39m[33m;[39m
 [90m 5 |[39m [36mimport[39m { 
useState[33m,[39m useEffect } 
[36mfrom[39m 
[32m"react"[39m[33m;[39m
[31m[1m>[22m[39m[90m 6 |[39m 
[36mimport[39m { 
getCustomerPickupBookings } 
[36mfrom[39m [32m"@/lib/actions/pic
kupActions"[39m[33m;[39m
 [90m   |[39m [31m[1m^[22m[39m[
31m[1m^[22m[39m[31m[1m^[22m[39m
[31m[1m^[22m[39m[31m[1m^[22m[3
9m[31m[1m^[22m[39m[31m[1m^[22m
[39m[31m[1m^[22m[39m[31m[1m^[22
m[39m[31m[1m^[22m[39m[31m[1m^[
22m[39m[31m[1m^[22m[39m[31m[1m^
[22m[39m[31m[1m^[22m[39m[31m[1
m^[22m[39m[31m[1m^[22m[39m[31m
[1m^[22m[39m[31m[1m^[22m[39m[31
m[1m^[22m[39m[31m[1m^[22m[39m[
31m[1m^[22m[39m[31m[1m^[22m[39m
[31m[1m^[22m[39m[31m[1m^[22m[3
9m[31m[1m^[22m[39m[31m[1m^[22m
[39m[31m[1m^[22m[39m[31m[1m^[22
m[39m[31m[1m^[22m[39m[31m[1m^[
22m[39m[31m[1m^[22m[39m[31m[1m^
[22m[39m[31m[1m^[22m[39m[31m[1
m^[22m[39m[31m[1m^[22m[39m[31m
[1m^[22m[39m[31m[1m^[22m[39m[31
m[1m^[22m[39m[31m[1m^[22m[39m[
31m[1m^[22m[39m[31m[1m^[22m[39m
[31m[1m^[22m[39m[31m[1m^[22m[3
9m[31m[1m^[22m[39m[31m[1m^[22m
[39m[31m[1m^[22m[39m[31m[1m^[22
m[39m[31m[1m^[22m[39m[31m[1m^[
22m[39m[31m[1m^[22m[39m[31m[1m^
[22m[39m[31m[1m^[22m[39m[31m[1
m^[22m[39m[31m[1m^[22m[39m[31m
[1m^[22m[39m[31m[1m^[22m[39m[31
m[1m^[22m[39m[31m[1m^[22m[39m[
31m[1m^[22m[39m[31m[1m^[22m[39m
[31m[1m^[22m[39m[31m[1m^[22m[3
9m[31m[1m^[22m[39m[31m[1m^[22m
[39m[31m[1m^[22m[39m[31m[1m^[22
m[39m[31m[1m^[22m[39m[31m[1m^[
22m[39m[31m[1m^[22m[39m[31m[1m^
[22m[39m[31m[1m^[22m[39m[31m[1
m^[22m[39m
 [90m 7 |[39m
 [90m 8 |[39m [36minterface[39m 
[33mPickupRequest[39m {
 [90m 9 |[39m     id[33m:[39m 
number[33m;[39m[0m

Import map: aliased to relative 
'./lib/actions/pickupActions' inside 
of [project]/


Import traces:
  Client Component Browser:
    ./app/customer/dashboard/page.tsx 
[Client Component Browser]
    ./app/customer/dashboard/page.tsx 
[Server Component]

  Client Component SSR:
    ./app/customer/dashboard/page.tsx 
[Client Component SSR]
    ./app/customer/dashboard/page.tsx 
[Server Component]

https://nextjs.org/docs/messages/modul
e-not-found


    at <unknown> (./app/customer/dashb
oard/page.tsx:6:1)
    at <unknown> (https://nextjs.org/d
ocs/messages/module-not-found)
