app/admin/vehicles/page.tsx(4,29): error TS2305: Module '"lucide-react"' has no exported member 'PickupText'.
app/api/bookings/create/route.ts(28,25): error TS18048: 'session.user' is possibly 'undefined'.
app/api/bookings/create/route.ts(28,38): error TS2339: Property 'id' does not exist on type '{ name: string | null; email: string | null; }'.
app/api/bookings/create/route.ts(46,13): error TS1117: An object literal cannot have multiple properties with the same name.
components/admin/VehicleForm.tsx(351,43): error TS7006: Parameter 'val' implicitly has an 'any' type.
components/admin/VehicleForm.tsx(359,43): error TS7006: Parameter 'val' implicitly has an 'any' type.
components/admin/VehicleForm.tsx(367,43): error TS7006: Parameter 'val' implicitly has an 'any' type.
lib/actions/vehicleActions.ts(17,40): error TS2339: Property 'passengerCapacity' does not exist on type 'MySqlTableWithColumns<{ name: "vehicle"; schema: undefined; columns: { vehicleId: MySqlColumn<{ name: "vehicle_id"; tableName: "vehicle"; dataType: "number"; columnType: "MySqlInt"; data: number; driverParam: string | number; ... 8 more ...; generated: undefined; }, {}, {}>; ... 19 more ...; createdAt: MySqlColumn<....'.
lib/actions/vehicleActions.ts(21,34): error TS2339: Property 'rentPerHour' does not exist on type 'MySqlTableWithColumns<{ name: "vehicle"; schema: undefined; columns: { vehicleId: MySqlColumn<{ name: "vehicle_id"; tableName: "vehicle"; dataType: "number"; columnType: "MySqlInt"; data: number; driverParam: string | number; ... 8 more ...; generated: undefined; }, {}, {}>; ... 19 more ...; createdAt: MySqlColumn<....'.
lib/actions/vehicleActions.ts(22,33): error TS2551: Property 'rentPerDay' does not exist on type 'MySqlTableWithColumns<{ name: "vehicle"; schema: undefined; columns: { vehicleId: MySqlColumn<{ name: "vehicle_id"; tableName: "vehicle"; dataType: "number"; columnType: "MySqlInt"; data: number; driverParam: string | number; ... 8 more ...; generated: undefined; }, {}, {}>; ... 19 more ...; createdAt: MySqlColumn<....'. Did you mean 'ratePerDay'?
lib/actions/vehicleActions.ts(23,35): error TS2551: Property 'rentPerMonth' does not exist on type 'MySqlTableWithColumns<{ name: "vehicle"; schema: undefined; columns: { vehicleId: MySqlColumn<{ name: "vehicle_id"; tableName: "vehicle"; dataType: "number"; columnType: "MySqlInt"; data: number; driverParam: string | number; ... 8 more ...; generated: undefined; }, {}, {}>; ... 19 more ...; createdAt: MySqlColumn<....'. Did you mean 'ratePerMonth'?
lib/actions/vehicleActions.ts(24,39): error TS2339: Property 'maxMileagePerDay' does not exist on type 'MySqlTableWithColumns<{ name: "vehicle"; schema: undefined; columns: { vehicleId: MySqlColumn<{ name: "vehicle_id"; tableName: "vehicle"; dataType: "number"; columnType: "MySqlInt"; data: number; driverParam: string | number; ... 8 more ...; generated: undefined; }, {}, {}>; ... 19 more ...; createdAt: MySqlColumn<....'.
lib/actions/vehicleActions.ts(25,41): error TS2339: Property 'extraMileageCharge' does not exist on type 'MySqlTableWithColumns<{ name: "vehicle"; schema: undefined; columns: { vehicleId: MySqlColumn<{ name: "vehicle_id"; tableName: "vehicle"; dataType: "number"; columnType: "MySqlInt"; data: number; driverParam: string | number; ... 8 more ...; generated: undefined; }, {}, {}>; ... 19 more ...; createdAt: MySqlColumn<....'.
lib/actions/vehicleActions.ts(26,38): error TS2339: Property 'minRentalPeriod' does not exist on type 'MySqlTableWithColumns<{ name: "vehicle"; schema: undefined; columns: { vehicleId: MySqlColumn<{ name: "vehicle_id"; tableName: "vehicle"; dataType: "number"; columnType: "MySqlInt"; data: number; driverParam: string | number; ... 8 more ...; generated: undefined; }, {}, {}>; ... 19 more ...; createdAt: MySqlColumn<....'.
lib/actions/vehicleActions.ts(27,38): error TS2339: Property 'maxRentalPeriod' does not exist on type 'MySqlTableWithColumns<{ name: "vehicle"; schema: undefined; columns: { vehicleId: MySqlColumn<{ name: "vehicle_id"; tableName: "vehicle"; dataType: "number"; columnType: "MySqlInt"; data: number; driverParam: string | number; ... 8 more ...; generated: undefined; }, {}, {}>; ... 19 more ...; createdAt: MySqlColumn<....'.
lib/actions/vehicleActions.ts(58,40): error TS2339: Property 'passengerCapacity' does not exist on type 'MySqlTableWithColumns<{ name: "vehicle"; schema: undefined; columns: { vehicleId: MySqlColumn<{ name: "vehicle_id"; tableName: "vehicle"; dataType: "number"; columnType: "MySqlInt"; data: number; driverParam: string | number; ... 8 more ...; generated: undefined; }, {}, {}>; ... 19 more ...; createdAt: MySqlColumn<....'.
lib/actions/vehicleActions.ts(62,34): error TS2339: Property 'rentPerHour' does not exist on type 'MySqlTableWithColumns<{ name: "vehicle"; schema: undefined; columns: { vehicleId: MySqlColumn<{ name: "vehicle_id"; tableName: "vehicle"; dataType: "number"; columnType: "MySqlInt"; data: number; driverParam: string | number; ... 8 more ...; generated: undefined; }, {}, {}>; ... 19 more ...; createdAt: MySqlColumn<....'.
lib/actions/vehicleActions.ts(63,33): error TS2551: Property 'rentPerDay' does not exist on type 'MySqlTableWithColumns<{ name: "vehicle"; schema: undefined; columns: { vehicleId: MySqlColumn<{ name: "vehicle_id"; tableName: "vehicle"; dataType: "number"; columnType: "MySqlInt"; data: number; driverParam: string | number; ... 8 more ...; generated: undefined; }, {}, {}>; ... 19 more ...; createdAt: MySqlColumn<....'. Did you mean 'ratePerDay'?
lib/actions/vehicleActions.ts(64,35): error TS2551: Property 'rentPerMonth' does not exist on type 'MySqlTableWithColumns<{ name: "vehicle"; schema: undefined; columns: { vehicleId: MySqlColumn<{ name: "vehicle_id"; tableName: "vehicle"; dataType: "number"; columnType: "MySqlInt"; data: number; driverParam: string | number; ... 8 more ...; generated: undefined; }, {}, {}>; ... 19 more ...; createdAt: MySqlColumn<....'. Did you mean 'ratePerMonth'?
lib/actions/vehicleActions.ts(65,39): error TS2339: Property 'maxMileagePerDay' does not exist on type 'MySqlTableWithColumns<{ name: "vehicle"; schema: undefined; columns: { vehicleId: MySqlColumn<{ name: "vehicle_id"; tableName: "vehicle"; dataType: "number"; columnType: "MySqlInt"; data: number; driverParam: string | number; ... 8 more ...; generated: undefined; }, {}, {}>; ... 19 more ...; createdAt: MySqlColumn<....'.
lib/actions/vehicleActions.ts(66,41): error TS2339: Property 'extraMileageCharge' does not exist on type 'MySqlTableWithColumns<{ name: "vehicle"; schema: undefined; columns: { vehicleId: MySqlColumn<{ name: "vehicle_id"; tableName: "vehicle"; dataType: "number"; columnType: "MySqlInt"; data: number; driverParam: string | number; ... 8 more ...; generated: undefined; }, {}, {}>; ... 19 more ...; createdAt: MySqlColumn<....'.
lib/actions/vehicleActions.ts(67,38): error TS2339: Property 'minRentalPeriod' does not exist on type 'MySqlTableWithColumns<{ name: "vehicle"; schema: undefined; columns: { vehicleId: MySqlColumn<{ name: "vehicle_id"; tableName: "vehicle"; dataType: "number"; columnType: "MySqlInt"; data: number; driverParam: string | number; ... 8 more ...; generated: undefined; }, {}, {}>; ... 19 more ...; createdAt: MySqlColumn<....'.
lib/actions/vehicleActions.ts(68,38): error TS2339: Property 'maxRentalPeriod' does not exist on type 'MySqlTableWithColumns<{ name: "vehicle"; schema: undefined; columns: { vehicleId: MySqlColumn<{ name: "vehicle_id"; tableName: "vehicle"; dataType: "number"; columnType: "MySqlInt"; data: number; driverParam: string | number; ... 8 more ...; generated: undefined; }, {}, {}>; ... 19 more ...; createdAt: MySqlColumn<....'.
